{
  "version": "1.5.0",
  "plugins_used": [
    {
      "name": "ArtifactoryDetector"
    },
    {
      "name": "AWSKeyDetector"
    },
    {
      "name": "AzureStorageKeyDetector"
    },
    {
      "name": "Base64HighEntropyString",
      "limit": 4.5
    },
    {
      "name": "BasicAuthDetector"
    },
    {
      "name": "CloudantDetector"
    },
    {
      "name": "DiscordBotTokenDetector"
    },
    {
      "name": "GitHubTokenDetector"
    },
    {
      "name": "GitLabTokenDetector"
    },
    {
      "name": "HexHighEntropyString",
      "limit": 3.0
    },
    {
      "name": "IbmCloudIamDetector"
    },
    {
      "name": "IbmCosHmacDetector"
    },
    {
      "name": "IPPublicDetector"
    },
    {
      "name": "JwtTokenDetector"
    },
    {
      "name": "KeywordDetector",
      "keyword_exclude": ""
    },
    {
      "name": "MailchimpDetector"
    },
    {
      "name": "NpmDetector"
    },
    {
      "name": "OpenAIDetector"
    },
    {
      "name": "PrivateKeyDetector"
    },
    {
      "name": "PypiTokenDetector"
    },
    {
      "name": "SendGridDetector"
    },
    {
      "name": "SlackDetector"
    },
    {
      "name": "SoftlayerDetector"
    },
    {
      "name": "SquareOAuthDetector"
    },
    {
      "name": "StripeDetector"
    },
    {
      "name": "TelegramBotTokenDetector"
    },
    {
      "name": "TwilioKeyDetector"
    }
  ],
  "filters_used": [
    {
      "path": "detect_secrets.filters.allowlist.is_line_allowlisted"
    },
    {
      "path": "detect_secrets.filters.common.is_baseline_file",
      "filename": ".secrets.baseline"
    },
    {
      "path": "detect_secrets.filters.common.is_ignored_due_to_verification_policies",
      "min_level": 2
    },
    {
      "path": "detect_secrets.filters.heuristic.is_indirect_reference"
    },
    {
      "path": "detect_secrets.filters.heuristic.is_likely_id_string"
    },
    {
      "path": "detect_secrets.filters.heuristic.is_lock_file"
    },
    {
      "path": "detect_secrets.filters.heuristic.is_not_alphanumeric_string"
    },
    {
      "path": "detect_secrets.filters.heuristic.is_potential_uuid"
    },
    {
      "path": "detect_secrets.filters.heuristic.is_prefixed_with_dollar_sign"
    },
    {
      "path": "detect_secrets.filters.heuristic.is_sequential_string"
    },
    {
      "path": "detect_secrets.filters.heuristic.is_swagger_file"
    },
    {
      "path": "detect_secrets.filters.heuristic.is_templated_secret"
    },
    {
      "path": "detect_secrets.filters.regex.should_exclude_file",
      "pattern": [
        "\\.(png|jpe?g|gif|webp|ico|mp4|ttf|woff2?|mmdb|sqlite3|lock)$"
      ]
    }
  ],
  "results": {
    ".windsurf/rules/security-rules.md": [
      {
        "type": "Secret Keyword",
        "filename": ".windsurf/rules/security-rules.md",
        "hashed_secret": "52194de300a666ceafd7d6bd4814ab705f99d2ca",
        "is_verified": false,
        "line_number": 24,
        "is_secret": false
      },
      {
        "type": "Basic Auth Credentials",
        "filename": ".windsurf/rules/security-rules.md",
        "hashed_secret": "cbfdac6008f9cab4083784cbd1874f76618d2a97",
        "is_verified": false,
        "line_number": 25,
        "is_secret": false
      },
      {
        "type": "Secret Keyword",
        "filename": ".windsurf/rules/security-rules.md",
        "hashed_secret": "847956bec02fefafcf9014a42a7006c8641f5f00",
        "is_verified": false,
        "line_number": 39,
        "is_secret": false
      },
      {
        "type": "Basic Auth Credentials",
        "filename": ".windsurf/rules/security-rules.md",
        "hashed_secret": "5baa61e4c9b93f3f0682250b6cf8331b7ee68fd8",
        "is_verified": false,
        "line_number": 57,
        "is_secret": false
      },
      {
        "type": "Secret Keyword",
        "filename": ".windsurf/rules/security-rules.md",
        "hashed_secret": "17566ef97ad66e51c1baac6135c77942c4366c99",
        "is_verified": false,
        "line_number": 217,
        "is_secret": false
      }
    ],
    "AGENTS.md": [
      {
        "type": "Secret Keyword",
        "filename": "AGENTS.md",
        "hashed_secret": "52194de300a666ceafd7d6bd4814ab705f99d2ca",
        "is_verified": false,
        "line_number": 334,
        "is_secret": false
      },
      {
        "type": "Basic Auth Credentials",
        "filename": "AGENTS.md",
        "hashed_secret": "cbfdac6008f9cab4083784cbd1874f76618d2a97",
        "is_verified": false,
        "line_number": 335,
        "is_secret": false
      },
      {
        "type": "Secret Keyword",
        "filename": "AGENTS.md",
        "hashed_secret": "847956bec02fefafcf9014a42a7006c8641f5f00",
        "is_verified": false,
        "line_number": 349,
        "is_secret": false
      }
    ],
    "backend/conftest.py": [
      {
        "type": "Secret Keyword",
        "filename": "backend/conftest.py",
        "hashed_secret": "1c58bd92003bbaa0538e249fff6ee19a270dec5f",
        "is_verified": false,
        "line_number": 174,
        "is_secret": false
      },
      {
        "type": "Secret Keyword",
        "filename": "backend/conftest.py",
        "hashed_secret": "449ed97bdef672c3aadc98dcdaa63fe9d357f8f1",
        "is_verified": false,
        "line_number": 186,
        "is_secret": false
      }
    ],
    "backend/crushme_app/models/feed.py": [
      {
        "type": "Secret Keyword",
        "filename": "backend/crushme_app/models/feed.py",
        "hashed_secret": "08e0ef73b4741c5df838a0f8c90d7d75a60fc2f3",
        "is_verified": false,
        "line_number": 47,
        "is_secret": false
      }
    ],
    "backend/crushme_app/tests/services/test_checkout_service.py": [
      {
        "type": "Secret Keyword",
        "filename": "backend/crushme_app/tests/services/test_checkout_service.py",
        "hashed_secret": "ce7501007f04a6529e650f1f1b3fc0586d1d94eb",
        "is_verified": false,
        "line_number": 108,
        "is_secret": false
      }
    ],
    "backend/crushme_app/tests/services/test_tasks.py": [
      {
        "type": "Secret Keyword",
        "filename": "backend/crushme_app/tests/services/test_tasks.py",
        "hashed_secret": "ce7501007f04a6529e650f1f1b3fc0586d1d94eb",
        "is_verified": false,
        "line_number": 16,
        "is_secret": false
      }
    ],
    "backend/crushme_app/tests/services/test_wompi_service.py": [
      {
        "type": "Secret Keyword",
        "filename": "backend/crushme_app/tests/services/test_wompi_service.py",
        "hashed_secret": "88398b329a855a7aa5ece5d617cdf19d1524ad41",
        "is_verified": false,
        "line_number": 8,
        "is_secret": false
      }
    ],
    "backend/crushme_app/tests/views/test_auth_security.py": [
      {
        "type": "Secret Keyword",
        "filename": "backend/crushme_app/tests/views/test_auth_security.py",
        "hashed_secret": "ce7501007f04a6529e650f1f1b3fc0586d1d94eb",
        "is_verified": false,
        "line_number": 21,
        "is_secret": false
      },
      {
        "type": "Secret Keyword",
        "filename": "backend/crushme_app/tests/views/test_auth_security.py",
        "hashed_secret": "81f344a7686a80b4c5293e8fdc0b0160c82c06a8",
        "is_verified": false,
        "line_number": 50,
        "is_secret": false
      }
    ],
    "backend/crushme_app/tests/views/test_payment_integrity.py": [
      {
        "type": "Secret Keyword",
        "filename": "backend/crushme_app/tests/views/test_payment_integrity.py",
        "hashed_secret": "ce7501007f04a6529e650f1f1b3fc0586d1d94eb",
        "is_verified": false,
        "line_number": 19,
        "is_secret": false
      },
      {
        "type": "Secret Keyword",
        "filename": "backend/crushme_app/tests/views/test_payment_integrity.py",
        "hashed_secret": "88398b329a855a7aa5ece5d617cdf19d1524ad41",
        "is_verified": false,
        "line_number": 67,
        "is_secret": false
      }
    ],
    "backend/crushme_project/settings_test.py": [
      {
        "type": "Secret Keyword",
        "filename": "backend/crushme_project/settings_test.py",
        "hashed_secret": "c63c2f41bef12f25aaf25be549f49829f1835851",
        "is_verified": false,
        "line_number": 18,
        "is_secret": false
      }
    ],
    "backend/django_attachments/static/django_attachments/vendor/dropzone/dropzone.min.js": [
      {
        "type": "Base64 High Entropy String",
        "filename": "backend/django_attachments/static/django_attachments/vendor/dropzone/dropzone.min.js",
        "hashed_secret": "1d278d3c888d1a2fa7eed622bfc02927ce4049af",
        "is_verified": false,
        "line_number": 2,
        "is_secret": false
      }
    ],
    "backend/docs/EMAIL_MULTILANGUAGE_SYSTEM.md": [
      {
        "type": "Secret Keyword",
        "filename": "backend/docs/EMAIL_MULTILANGUAGE_SYSTEM.md",
        "hashed_secret": "ab3eb0f868f05373c611a6c904ae319ff0772c0c",
        "is_verified": false,
        "line_number": 305,
        "is_secret": false
      }
    ],
    "backend/docs/EMAIL_SYSTEM_COMPLETE.md": [
      {
        "type": "Secret Keyword",
        "filename": "backend/docs/EMAIL_SYSTEM_COMPLETE.md",
        "hashed_secret": "0d7f44511739076e5d6d06043c7fcba7458ebfe2",
        "is_verified": false,
        "line_number": 12,
        "is_secret": false
      },
      {
        "type": "Secret Keyword",
        "filename": "backend/docs/EMAIL_SYSTEM_COMPLETE.md",
        "hashed_secret": "ab3eb0f868f05373c611a6c904ae319ff0772c0c",
        "is_verified": false,
        "line_number": 198,
        "is_secret": false
      }
    ],
    "backend/docs/EMAIL_TEMPLATES_UPDATED.md": [
      {
        "type": "Secret Keyword",
        "filename": "backend/docs/EMAIL_TEMPLATES_UPDATED.md",
        "hashed_secret": "ab3eb0f868f05373c611a6c904ae319ff0772c0c",
        "is_verified": false,
        "line_number": 197,
        "is_secret": false
      }
    ],
    "backend/docs/INACTIVE_USER_REREGISTRATION.md": [
      {
        "type": "Secret Keyword",
        "filename": "backend/docs/INACTIVE_USER_REREGISTRATION.md",
        "hashed_secret": "0c6ba03885f3aae765fbf20f07f514a44dbda30a",
        "is_verified": false,
        "line_number": 206,
        "is_secret": false
      },
      {
        "type": "Secret Keyword",
        "filename": "backend/docs/INACTIVE_USER_REREGISTRATION.md",
        "hashed_secret": "5c4f2778eafa38751fbd21fd4c1ef13ed9cfcff6",
        "is_verified": false,
        "line_number": 218,
        "is_secret": false
      }
    ],
    "backend/docs/LOGIN_USERNAME_CHANGE.md": [
      {
        "type": "Secret Keyword",
        "filename": "backend/docs/LOGIN_USERNAME_CHANGE.md",
        "hashed_secret": "72559b51f94a7a3ad058c5740cbe2f7cb0d4080b",
        "is_verified": false,
        "line_number": 112,
        "is_secret": false
      },
      {
        "type": "Secret Keyword",
        "filename": "backend/docs/LOGIN_USERNAME_CHANGE.md",
        "hashed_secret": "ab3eb0f868f05373c611a6c904ae319ff0772c0c",
        "is_verified": false,
        "line_number": 190,
        "is_secret": false
      }
    ],
    "backend/docs/PRODUCTION_SYNC_GUIDE.md": [
      {
        "type": "Basic Auth Credentials",
        "filename": "backend/docs/PRODUCTION_SYNC_GUIDE.md",
        "hashed_secret": "5baa61e4c9b93f3f0682250b6cf8331b7ee68fd8",
        "is_verified": false,
        "line_number": 236,
        "is_secret": false
      },
      {
        "type": "Secret Keyword",
        "filename": "backend/docs/PRODUCTION_SYNC_GUIDE.md",
        "hashed_secret": "354b3a4b7715d3694c88a4fa7db49e41de86568e",
        "is_verified": false,
        "line_number": 278,
        "is_secret": false
      }
    ],
    "backend/docs/WOMPI_ENVIRONMENTS.md": [
      {
        "type": "Base64 High Entropy String",
        "filename": "backend/docs/WOMPI_ENVIRONMENTS.md",
        "hashed_secret": "6deda8855427caaac7575c49a35617d0c2ebbc74",
        "is_verified": false,
        "line_number": 37,
        "is_secret": false
      },
      {
        "type": "Base64 High Entropy String",
        "filename": "backend/docs/WOMPI_ENVIRONMENTS.md",
        "hashed_secret": "b939f5d8e40379dccc86a31b724ac433b8be3494",
        "is_verified": false,
        "line_number": 38,
        "is_secret": false
      },
      {
        "type": "Secret Keyword",
        "filename": "backend/docs/WOMPI_ENVIRONMENTS.md",
        "hashed_secret": "b939f5d8e40379dccc86a31b724ac433b8be3494",
        "is_verified": false,
        "line_number": 38,
        "is_secret": false
      },
      {
        "type": "Base64 High Entropy String",
        "filename": "backend/docs/WOMPI_ENVIRONMENTS.md",
        "hashed_secret": "ddfffda308fa3e58345f1d22d9b5167b05872295",
        "is_verified": false,
        "line_number": 39,
        "is_secret": false
      },
      {
        "type": "Secret Keyword",
        "filename": "backend/docs/WOMPI_ENVIRONMENTS.md",
        "hashed_secret": "ddfffda308fa3e58345f1d22d9b5167b05872295",
        "is_verified": false,
        "line_number": 39,
        "is_secret": false
      },
      {
        "type": "Base64 High Entropy String",
        "filename": "backend/docs/WOMPI_ENVIRONMENTS.md",
        "hashed_secret": "fe0133264d8e1ebaa38d3bc1b79e270bb3aa7509",
        "is_verified": false,
        "line_number": 40,
        "is_secret": false
      },
      {
        "type": "Secret Keyword",
        "filename": "backend/docs/WOMPI_ENVIRONMENTS.md",
        "hashed_secret": "fcac05e25e0db6f717242ddfb3e4fd08ba257fa4",
        "is_verified": false,
        "line_number": 50,
        "is_secret": false
      },
      {
        "type": "Secret Keyword",
        "filename": "backend/docs/WOMPI_ENVIRONMENTS.md",
        "hashed_secret": "e83341d0f0ce19e79806b5f1e60f474e9caf949f",
        "is_verified": false,
        "line_number": 51,
        "is_secret": false
      }
    ],
    "backend/docs/WOMPI_FRONTEND_INTEGRATION.md": [
      {
        "type": "Base64 High Entropy String",
        "filename": "backend/docs/WOMPI_FRONTEND_INTEGRATION.md",
        "hashed_secret": "6deda8855427caaac7575c49a35617d0c2ebbc74",
        "is_verified": false,
        "line_number": 63,
        "is_secret": false
      }
    ],
    "backend/docs/WOMPI_INTEGRITY_FIX.md": [
      {
        "type": "Base64 High Entropy String",
        "filename": "backend/docs/WOMPI_INTEGRITY_FIX.md",
        "hashed_secret": "fe0133264d8e1ebaa38d3bc1b79e270bb3aa7509",
        "is_verified": false,
        "line_number": 49,
        "is_secret": false
      },
      {
        "type": "Base64 High Entropy String",
        "filename": "backend/docs/WOMPI_INTEGRITY_FIX.md",
        "hashed_secret": "8f846d6fdcda503fad302b033749bcf018456f99",
        "is_verified": false,
        "line_number": 52,
        "is_secret": false
      }
    ],
    "backend/docs/WOMPI_WEBHOOK_SETUP.md": [
      {
        "type": "Secret Keyword",
        "filename": "backend/docs/WOMPI_WEBHOOK_SETUP.md",
        "hashed_secret": "c65cfc441a61b8f5242a07988a8fc8369cd0508d",
        "is_verified": false,
        "line_number": 155,
        "is_secret": false
      }
    ],
    "docs/DJANGO_VUE_ARCHITECTURE_STANDARD.md": [
      {
        "type": "Secret Keyword",
        "filename": "docs/DJANGO_VUE_ARCHITECTURE_STANDARD.md",
        "hashed_secret": "1c58bd92003bbaa0538e249fff6ee19a270dec5f",
        "is_verified": false,
        "line_number": 1556,
        "is_secret": false
      }
    ],
    "docs/TESTING_QUALITY_STANDARDS.md": [
      {
        "type": "Secret Keyword",
        "filename": "docs/TESTING_QUALITY_STANDARDS.md",
        "hashed_secret": "e5e9fa1ba31ecd1ae84f75caaa474f3a663f05f4",
        "is_verified": false,
        "line_number": 207,
        "is_secret": false
      }
    ],
    "frontend/docs/i18n-guide.md": [
      {
        "type": "Secret Keyword",
        "filename": "frontend/docs/i18n-guide.md",
        "hashed_secret": "8be3c943b1609fffbfc51aad666d0a04adf83c9d",
        "is_verified": false,
        "line_number": 40,
        "is_secret": false
      },
      {
        "type": "Secret Keyword",
        "filename": "frontend/docs/i18n-guide.md",
        "hashed_secret": "5a6d1c612954979ea99ee33dbb2d231b00f6ac0a",
        "is_verified": false,
        "line_number": 50,
        "is_secret": false
      }
    ],
    "frontend/src/locales/auth/login/en.json": [
      {
        "type": "Secret Keyword",
        "filename": "frontend/src/locales/auth/login/en.json",
        "hashed_secret": "26d745d486c184abc5adcceda1c21022ff9a3fd3",
        "is_verified": false,
        "line_number": 4,
        "is_secret": false
      },
      {
        "type": "Secret Keyword",
        "filename": "frontend/src/locales/auth/login/en.json",
        "hashed_secret": "a2f060b7363f54c9f80d62805d36636dd7ebc33c",
        "is_verified": false,
        "line_number": 6,
        "is_secret": false
      }
    ],
    "frontend/src/locales/auth/login/es.json": [
      {
        "type": "Secret Keyword",
        "filename": "frontend/src/locales/auth/login/es.json",
        "hashed_secret": "5f93bc125566eec9840ca12c0d23572219110629",
        "is_verified": false,
        "line_number": 4,
        "is_secret": false
      }
    ],
    "frontend/src/locales/auth/reset-password/en.json": [
      {
        "type": "Secret Keyword",
        "filename": "frontend/src/locales/auth/reset-password/en.json",
        "hashed_secret": "d850ee188c7c55b64bc3624534de5c5051a57dc6",
        "is_verified": false,
        "line_number": 4,
        "is_secret": false
      },
      {
        "type": "Secret Keyword",
        "filename": "frontend/src/locales/auth/reset-password/en.json",
        "hashed_secret": "f85039fd8e49f782229c7c4e0f1b3b2a0f95e9e4",
        "is_verified": false,
        "line_number": 5,
        "is_secret": false
      },
      {
        "type": "Secret Keyword",
        "filename": "frontend/src/locales/auth/reset-password/en.json",
        "hashed_secret": "3e7d56a95804ff3c322b97a7e7cdba25dc920957",
        "is_verified": false,
        "line_number": 11,
        "is_secret": false
      },
      {
        "type": "Secret Keyword",
        "filename": "frontend/src/locales/auth/reset-password/en.json",
        "hashed_secret": "ff7d929715d74fd235c7de2603f7e4eb30fd4240",
        "is_verified": false,
        "line_number": 12,
        "is_secret": false
      },
      {
        "type": "Secret Keyword",
        "filename": "frontend/src/locales/auth/reset-password/en.json",
        "hashed_secret": "b796e2b3919cda5fdbc79781c3da41c1f0fe9e56",
        "is_verified": false,
        "line_number": 13,
        "is_secret": false
      },
      {
        "type": "Secret Keyword",
        "filename": "frontend/src/locales/auth/reset-password/en.json",
        "hashed_secret": "a11425c0472648c3be0c735ff43f8b3a3d6dc403",
        "is_verified": false,
        "line_number": 23,
        "is_secret": false
      }
    ],
    "frontend/src/locales/auth/reset-password/es.json": [
      {
        "type": "Secret Keyword",
        "filename": "frontend/src/locales/auth/reset-password/es.json",
        "hashed_secret": "5c4fd97e2a15c79704240a32808c4c20f2f40451",
        "is_verified": false,
        "line_number": 4,
        "is_secret": false
      },
      {
        "type": "Secret Keyword",
        "filename": "frontend/src/locales/auth/reset-password/es.json",
        "hashed_secret": "635af8935a284bf4d23ef33e81367d24de8ebf81",
        "is_verified": false,
        "line_number": 5,
        "is_secret": false
      },
      {
        "type": "Secret Keyword",
        "filename": "frontend/src/locales/auth/reset-password/es.json",
        "hashed_secret": "6dfc197e19bc91e9ea1e713af1afa590bcb91529",
        "is_verified": false,
        "line_number": 11,
        "is_secret": false
      },
      {
        "type": "Secret Keyword",
        "filename": "frontend/src/locales/auth/reset-password/es.json",
        "hashed_secret": "9fe2fbe40494e9d03cfeeb913ccd20be22573d8e",
        "is_verified": false,
        "line_number": 12,
        "is_secret": false
      },
      {
        "type": "Secret Keyword",
        "filename": "frontend/src/locales/auth/reset-password/es.json",
        "hashed_secret": "20ff47d52994aa3842332a844f18d7b0c559c32b",
        "is_verified": false,
        "line_number": 13,
        "is_secret": false
      },
      {
        "type": "Secret Keyword",
        "filename": "frontend/src/locales/auth/reset-password/es.json",
        "hashed_secret": "f39d0f0feea9c44d76334de0f833eae17c16ef0d",
        "is_verified": false,
        "line_number": 23,
        "is_secret": false
      }
    ],
    "frontend/src/locales/auth/signup/en.json": [
      {
        "type": "Secret Keyword",
        "filename": "frontend/src/locales/auth/signup/en.json",
        "hashed_secret": "f26d53618388b81e930bedba7904268d9402834c",
        "is_verified": false,
        "line_number": 5,
        "is_secret": false
      },
      {
        "type": "Secret Keyword",
        "filename": "frontend/src/locales/auth/signup/en.json",
        "hashed_secret": "4a7c565d4c4430e3bb8fa6c560125d5eb37e7c3d",
        "is_verified": false,
        "line_number": 6,
        "is_secret": false
      },
      {
        "type": "Secret Keyword",
        "filename": "frontend/src/locales/auth/signup/en.json",
        "hashed_secret": "ff7d929715d74fd235c7de2603f7e4eb30fd4240",
        "is_verified": false,
        "line_number": 13,
        "is_secret": false
      },
      {
        "type": "Secret Keyword",
        "filename": "frontend/src/locales/auth/signup/en.json",
        "hashed_secret": "3e7d56a95804ff3c322b97a7e7cdba25dc920957",
        "is_verified": false,
        "line_number": 16,
        "is_secret": false
      }
    ],
    "frontend/src/locales/auth/signup/es.json": [
      {
        "type": "Secret Keyword",
        "filename": "frontend/src/locales/auth/signup/es.json",
        "hashed_secret": "84eb79a6821fb76a66c6018eea41e253d7cf48d3",
        "is_verified": false,
        "line_number": 5,
        "is_secret": false
      },
      {
        "type": "Secret Keyword",
        "filename": "frontend/src/locales/auth/signup/es.json",
        "hashed_secret": "eac65860aed296a8f86f67e55dd1054cbc597b24",
        "is_verified": false,
        "line_number": 6,
        "is_secret": false
      },
      {
        "type": "Secret Keyword",
        "filename": "frontend/src/locales/auth/signup/es.json",
        "hashed_secret": "9fe2fbe40494e9d03cfeeb913ccd20be22573d8e",
        "is_verified": false,
        "line_number": 13,
        "is_secret": false
      },
      {
        "type": "Secret Keyword",
        "filename": "frontend/src/locales/auth/signup/es.json",
        "hashed_secret": "6dfc197e19bc91e9ea1e713af1afa590bcb91529",
        "is_verified": false,
        "line_number": 16,
        "is_secret": false
      }
    ],
    "frontend/src/locales/home/notes/en.json": [
      {
        "type": "Secret Keyword",
        "filename": "frontend/src/locales/home/notes/en.json",
        "hashed_secret": "7e4deadb762758788f11f00cbf4d327a13d61d22",
        "is_verified": false,
        "line_number": 4,
        "is_secret": false
      }
    ],
    "frontend/src/locales/home/notes/es.json": [
      {
        "type": "Secret Keyword",
        "filename": "frontend/src/locales/home/notes/es.json",
        "hashed_secret": "091aad22c2dd27cdc452f7a950319c182a9cb566",
        "is_verified": false,
        "line_number": 4,
        "is_secret": false
      }
    ]
  },
  "generated_at": "2026-08-20T04:05:33Z"
}
